\BOOKMARK [0][-]{Doc-Start}{\376\377\144\130\211\201}{}% 1
\BOOKMARK [0][-]{Doc-Start}{\376\377\000A\000b\000s\000t\000r\000a\000c\000t}{}% 2
\BOOKMARK [0][-]{chapter.1}{\376\377\176\352\213\272}{}% 3
\BOOKMARK [1][-]{section.1.1}{\376\377\170\024\172\166\200\314\146\157\116\016\141\017\116\111}{chapter.1}% 4
\BOOKMARK [1][-]{section.1.2}{\376\377\126\375\121\205\131\026\170\024\172\166\163\260\162\266}{chapter.1}% 5
\BOOKMARK [1][-]{section.1.3}{\376\377\170\024\172\166\121\205\133\271\116\016\142\200\147\057\215\357\176\277}{chapter.1}% 6
\BOOKMARK [1][-]{section.1.4}{\376\377\213\272\145\207\176\323\147\204\133\211\143\222}{chapter.1}% 7
\BOOKMARK [0][-]{chapter.2}{\376\377\164\006\213\272\127\372\170\100\116\016\121\163\225\056\142\200\147\057}{}% 8
\BOOKMARK [1][-]{section.2.1}{\376\377\137\040\221\317\116\343\145\160\127\372\170\100}{chapter.2}% 9
\BOOKMARK [2][-]{subsection.2.1.1}{\376\377\152\041\140\001\134\125\137\000}{section.2.1}% 10
\BOOKMARK [2][-]{subsection.2.1.2}{\376\377\131\026\171\357}{section.2.1}% 11
\BOOKMARK [2][-]{subsection.2.1.3}{\376\377\000K\000r\000o\000n\000e\000c\000k\000e\000r\000\040\171\357}{section.2.1}% 12
\BOOKMARK [2][-]{subsection.2.1.4}{\376\377\000K\000h\000a\000t\000r\000i\040\023\000R\000a\000o\000\040\171\357}{section.2.1}% 13
\BOOKMARK [2][-]{subsection.2.1.5}{\376\377\000H\000a\000d\000a\000m\000a\000r\000d\000\040\171\357}{section.2.1}% 14
\BOOKMARK [2][-]{subsection.2.1.6}{\376\377\116\016\124\016\145\207\122\006\211\343\152\041\127\213\166\204\121\163\174\373}{section.2.1}% 15
\BOOKMARK [1][-]{section.2.2}{\376\377\137\040\221\317\122\006\211\343\152\041\127\213}{chapter.2}% 16
\BOOKMARK [2][-]{subsection.2.2.1}{\376\377\000C\000P\000\040\122\006\211\343}{section.2.2}% 17
\BOOKMARK [2][-]{subsection.2.2.2}{\376\377\000T\000u\000c\000k\000e\000r\000\040\122\006\211\343}{section.2.2}% 18
\BOOKMARK [2][-]{subsection.2.2.3}{\376\377\116\044\174\173\152\041\127\213\166\204\153\324\217\203\116\016\147\054\145\207\220\011\142\351}{section.2.2}% 19
\BOOKMARK [1][-]{section.2.3}{\376\377\221\321\207\215\145\160\143\156\166\204\137\040\221\317\210\150\171\072\145\271\154\325}{chapter.2}% 20
\BOOKMARK [1][-]{section.2.4}{\376\377\152\041\127\213\213\304\116\367\143\007\150\007}{chapter.2}% 21
\BOOKMARK [0][-]{chapter.3}{\376\377\145\160\143\156\230\204\131\004\164\006\116\016\137\040\221\317\210\150\171\072}{}% 22
\BOOKMARK [1][-]{section.3.1}{\376\377\145\160\143\156\147\145\156\220\116\016\150\067\147\054\213\364\146\016}{chapter.3}% 23
\BOOKMARK [1][-]{section.3.2}{\376\377\200\241\171\150\154\140\116\016\145\366\225\364\172\227\123\343\213\276\133\232}{chapter.3}% 24
\BOOKMARK [1][-]{section.3.3}{\376\377\145\160\143\156\230\204\131\004\164\006}{chapter.3}% 25
\BOOKMARK [1][-]{section.3.4}{\376\377\137\040\221\317\210\150\171\072}{chapter.3}% 26
\BOOKMARK [0][-]{chapter.4}{\376\377\127\372\116\216\137\040\221\317\122\006\211\343\166\204\200\241\171\150\126\340\133\120\226\115\176\364\116\016\152\041\137\017\123\321\163\260\145\271\154\325}{}% 27
\BOOKMARK [1][-]{section.4.1}{\376\377\225\356\230\230\133\232\116\111}{chapter.4}% 28
\BOOKMARK [1][-]{section.4.2}{\376\377\137\040\221\317\122\006\211\343\152\041\127\213\147\204\136\372}{chapter.4}% 29
\BOOKMARK [1][-]{section.4.3}{\376\377\152\041\127\213\154\102\211\343\116\016\133\236\163\260}{chapter.4}% 30
\BOOKMARK [0][-]{chapter.5}{\376\377\133\236\232\214\176\323\147\234\116\016\122\006\147\220}{}% 31
\BOOKMARK [1][-]{section.5.1}{\376\377\133\236\232\214\213\276\177\156}{chapter.5}% 32
\BOOKMARK [1][-]{section.5.2}{\376\377\122\006\211\343\215\050\221\317\122\006\147\220}{chapter.5}% 33
\BOOKMARK [1][-]{section.5.3}{\376\377\152\041\137\017\123\321\163\260\176\323\147\234\122\006\147\220}{chapter.5}% 34
\BOOKMARK [1][-]{section.5.4}{\376\377\220\011\200\241\147\011\145\110\140\047\122\006\147\220}{chapter.5}% 35
\BOOKMARK [1][-]{section.5.5}{\376\377\142\151\134\125\162\171\137\201\133\371\161\147\122\006\147\220}{chapter.5}% 36
\BOOKMARK [1][-]{section.5.6}{\376\377\150\067\147\054\217\271\165\114\142\151\134\125\143\242\175\042}{chapter.5}% 37
\BOOKMARK [1][-]{section.5.7}{\376\377\172\063\120\145\140\047\116\016\134\100\226\120\140\047\122\006\147\220}{chapter.5}% 38
\BOOKMARK [0][-]{chapter.6}{\376\377\176\323\213\272\116\016\134\125\147\033}{}% 39
\BOOKMARK [1][-]{section.6.1}{\376\377\170\024\172\166\176\323\213\272}{chapter.6}% 40
\BOOKMARK [1][-]{section.6.2}{\376\377\122\033\145\260\160\271\116\016\116\015\215\263}{chapter.6}% 41
\BOOKMARK [1][-]{section.6.3}{\376\377\124\016\176\355\135\345\117\134\134\125\147\033}{chapter.6}% 42
\BOOKMARK [0][-]{chapter*.17}{\376\377\123\302\200\003\145\207\163\056}{}% 43
\BOOKMARK [0][-]{appendix.A}{\376\377\133\236\232\214\123\302\145\160\116\016\210\145\121\105\213\364\146\016}{}% 44
\BOOKMARK [0][-]{appendix.B}{\376\377\121\163\225\056\172\013\136\217\116\343\170\001\226\104\137\125}{}% 45
\BOOKMARK [1][-]{section.B.1}{\376\377\000C\000P\000\040\122\006\211\343\166\204\116\244\146\377\147\000\134\017\116\214\116\130\146\364\145\260}{appendix.B}% 46
\BOOKMARK [1][-]{section.B.2}{\376\377\000T\000u\000c\000k\000e\000r\000\040\122\006\211\343\166\204\131\032\152\041\140\001\116\244\146\377\146\364\145\260}{appendix.B}% 47
\BOOKMARK [1][-]{section.B.3}{\376\377\000P\000C\000A\000\040\127\372\176\277\166\204\137\040\221\317\134\125\137\000\116\016\221\315\147\204}{appendix.B}% 48
\BOOKMARK [1][-]{section.B.4}{\376\377\142\151\134\125\162\171\137\201\166\204\123\357\165\050\145\366\160\271\116\016\145\366\145\110\213\241\173\227}{appendix.B}% 49
\BOOKMARK [1][-]{section.B.5}{\376\377\142\151\134\125\156\220\210\150\166\204\121\154\124\112\145\345\146\040\134\004\116\016\123\273\221\315}{appendix.B}% 50
\BOOKMARK [0][-]{lstnumber.-5.18}{\376\377\133\146\117\115\213\272\145\207\145\160\143\156\226\306}{}% 51
