\BOOKMARK [0][-]{Doc-Start}{\376\377\144\130\211\201}{}% 1
\BOOKMARK [0][-]{Doc-Start}{\376\377\000A\000b\000s\000t\000r\000a\000c\000t}{}% 2
\BOOKMARK [0][-]{chapter.1}{\376\377\176\352\213\272}{}% 3
\BOOKMARK [1][-]{section.1.1}{\376\377\170\024\172\166\200\314\146\157\116\016\141\017\116\111}{chapter.1}% 4
\BOOKMARK [1][-]{section.1.2}{\376\377\126\375\121\205\131\026\170\024\172\166\163\260\162\266}{chapter.1}% 5
\BOOKMARK [1][-]{section.1.3}{\376\377\170\024\172\166\121\205\133\271\116\016\142\200\147\057\215\357\176\277}{chapter.1}% 6
\BOOKMARK [1][-]{section.1.4}{\376\377\213\272\145\207\176\323\147\204\133\211\143\222}{chapter.1}% 7
\BOOKMARK [0][-]{chapter.2}{\376\377\164\006\213\272\127\372\170\100\116\016\121\163\225\056\142\200\147\057}{}% 8
\BOOKMARK [1][-]{section.2.1}{\376\377\137\040\221\317\116\343\145\160\127\372\170\100}{chapter.2}% 9
\BOOKMARK [1][-]{section.2.2}{\376\377\137\040\221\317\122\006\211\343\152\041\127\213}{chapter.2}% 10
\BOOKMARK [1][-]{section.2.3}{\376\377\221\321\207\215\145\160\143\156\166\204\137\040\221\317\210\150\171\072\145\271\154\325}{chapter.2}% 11
\BOOKMARK [1][-]{section.2.4}{\376\377\152\041\127\213\213\304\116\367\143\007\150\007}{chapter.2}% 12
\BOOKMARK [0][-]{chapter.3}{\376\377\145\160\143\156\230\204\131\004\164\006\116\016\137\040\221\317\210\150\171\072}{}% 13
\BOOKMARK [1][-]{section.3.1}{\376\377\145\160\143\156\147\145\156\220\116\016\150\067\147\054\213\364\146\016}{chapter.3}% 14
\BOOKMARK [1][-]{section.3.2}{\376\377\200\241\171\150\154\140\116\016\145\366\225\364\172\227\123\343\213\276\133\232}{chapter.3}% 15
\BOOKMARK [1][-]{section.3.3}{\376\377\145\160\143\156\230\204\131\004\164\006}{chapter.3}% 16
\BOOKMARK [1][-]{section.3.4}{\376\377\137\040\221\317\210\150\171\072}{chapter.3}% 17
\BOOKMARK [0][-]{chapter.4}{\376\377\127\372\116\216\137\040\221\317\122\006\211\343\166\204\200\241\171\150\126\340\133\120\226\115\176\364\116\016\152\041\137\017\123\321\163\260\145\271\154\325}{}% 18
\BOOKMARK [1][-]{section.4.1}{\376\377\225\356\230\230\133\232\116\111}{chapter.4}% 19
\BOOKMARK [1][-]{section.4.2}{\376\377\137\040\221\317\122\006\211\343\152\041\127\213\147\204\136\372}{chapter.4}% 20
\BOOKMARK [1][-]{section.4.3}{\376\377\152\041\127\213\154\102\211\343\116\016\133\236\163\260}{chapter.4}% 21
\BOOKMARK [0][-]{chapter.5}{\376\377\133\236\232\214\176\323\147\234\116\016\122\006\147\220}{}% 22
\BOOKMARK [1][-]{section.5.1}{\376\377\133\236\232\214\213\276\177\156}{chapter.5}% 23
\BOOKMARK [1][-]{section.5.2}{\376\377\122\006\211\343\215\050\221\317\122\006\147\220}{chapter.5}% 24
\BOOKMARK [1][-]{section.5.3}{\376\377\152\041\137\017\123\321\163\260\176\323\147\234\122\006\147\220}{chapter.5}% 25
\BOOKMARK [1][-]{section.5.4}{\376\377\220\011\200\241\147\011\145\110\140\047\122\006\147\220}{chapter.5}% 26
\BOOKMARK [1][-]{section.5.5}{\376\377\142\151\134\125\162\171\137\201\133\371\161\147\122\006\147\220}{chapter.5}% 27
\BOOKMARK [1][-]{section.5.6}{\376\377\150\067\147\054\217\271\165\114\142\151\134\125\143\242\175\042}{chapter.5}% 28
\BOOKMARK [1][-]{section.5.7}{\376\377\172\063\120\145\140\047\116\016\134\100\226\120\140\047\122\006\147\220}{chapter.5}% 29
\BOOKMARK [0][-]{chapter.6}{\376\377\176\323\213\272\116\016\134\125\147\033}{}% 30
\BOOKMARK [1][-]{section.6.1}{\376\377\170\024\172\166\176\323\213\272}{chapter.6}% 31
\BOOKMARK [1][-]{section.6.2}{\376\377\122\033\145\260\160\271\116\016\116\015\215\263}{chapter.6}% 32
\BOOKMARK [1][-]{section.6.3}{\376\377\124\016\176\355\135\345\117\134\134\125\147\033}{chapter.6}% 33
\BOOKMARK [0][-]{chapter*.9}{\376\377\123\302\200\003\145\207\163\056}{}% 34
\BOOKMARK [0][-]{appendix.A}{\376\377\133\236\232\214\123\302\145\160\116\016\210\145\121\105\213\364\146\016}{}% 35
\BOOKMARK [0][-]{appendix.A}{\376\377\133\146\117\115\213\272\145\207\145\160\143\156\226\306}{}% 36
